******************************************************************************
                  TI ARM Linker Unix v16.9.1                   
******************************************************************************
>> Linked Tue Mar 21 18:59:21 2017

OUTPUT FILE NAME:   <BlinkLED.out>
ENTRY POINT SYMBOL: "_c_int00"  address: 40200ce0


MEMORY CONFIGURATION

         name            origin    length      used     unused   attr    fill
----------------------  --------  ---------  --------  --------  ----  --------
  SRAM                  40200000   00010000  00000ddc  0000f224  RWIX
  IVASHL2RAM            5c7f8000   00008000  00000000  00008000  RWIX
  IVASHL2RAM_C          5c800000   00010000  00000000  00010000  RWIX
  IVASHL1PRAM           5ce00000   00008000  00000000  00008000  RWIX
  IVASHL1DRAM           5cf04000   0000c000  00000000  0000c000  RWIX
  IVASHL1DRAM_C         5cf10000   00008000  00000000  00008000  RWIX
  CS0_SDRAM             80000000   20000000  00000000  20000000  RWIX
  CS1_SDRAM             a0000000   20000000  00000000  20000000  RWIX


SEGMENT ALLOCATION MAP

run origin  load origin   length   init length attrs members
----------  ----------- ---------- ----------- ----- -------
40200000    40200000    00000800   00000000    rw-
  40200000    40200000    00000800   00000000    rw- .stack
40200800    40200800    000005a0   000005a0    r-x
  40200800    40200800    000005a0   000005a0    r-x .text
40200da0    40200da0    00000018   00000000    rw-
  40200da0    40200da0    00000018   00000000    rw- .data
40200db8    40200db8    00000024   00000024    r--
  40200db8    40200db8    00000024   00000024    r-- .cinit


SECTION ALLOCATION MAP

 output                                  attributes/
section   page    origin      length       input sections
--------  ----  ----------  ----------   ----------------
.stack     0    40200000    00000800     UNINITIALIZED
                  40200000    00000800     --HOLE--

.text      0    40200800    000005a0     
                  40200800    00000180     rtsv7A8_A_le_eabi.lib : memcpy32.obj (.text)
                  40200980    00000114     main.obj (.text)
                  40200a94    000000a8     rtsv7A8_A_le_eabi.lib : autoinit.obj (.text)
                  40200b3c    00000090                           : copy_decompress_lzss.obj (.text:decompress:lzss)
                  40200bcc    00000090                           : exit.obj (.text)
                  40200c5c    00000084                           : cpy_tbl.obj (.text)
                  40200ce0    00000058                           : boot.obj (.text)
                  40200d38    00000024                           : _lock.obj (.text)
                  40200d5c    00000020                           : args_main.obj (.text)
                  40200d7c    00000014                           : copy_decompress_none.obj (.text:decompress:none)
                  40200d90    00000008                           : pre_init.obj (.text)
                  40200d98    00000004                           : mpu_init.obj (.text)
                  40200d9c    00000004                           : startup.obj (.text)

.data      0    40200da0    00000018     UNINITIALIZED
                  40200da0    0000000c     rtsv7A8_A_le_eabi.lib : exit.obj (.data:$O1$$)
                  40200dac    00000008                           : _lock.obj (.data:$O1$$)
                  40200db4    00000004                           : stkdepth_vars.obj (.data)

.cinit     0    40200db8    00000024     
                  40200db8    00000013     (.cinit..data.load) [load image, compression = lzss]
                  40200dcb    00000001     --HOLE-- [fill = 0]
                  40200dcc    00000008     (__TI_handler_table)
                  40200dd4    00000008     (__TI_cinit_table)

.init_array 
*          0    40200000    00000000     UNINITIALIZED

MODULE SUMMARY

       Module                     code   ro data   rw data
       ------                     ----   -------   -------
    ./src/
       main.obj                   276    0         0      
    +--+--------------------------+------+---------+---------+
       Total:                     276    0         0      
                                                          
    /home/mod/ti/ccsv7/tools/compiler/ti-cgt-arm_16.9.1.LTS/lib/rtsv7A8_A_le_eabi.lib
       memcpy32.obj               384    0         0      
       autoinit.obj               168    0         0      
       exit.obj                   144    0         12     
       copy_decompress_lzss.obj   144    0         0      
       cpy_tbl.obj                132    0         0      
       boot.obj                   88     0         0      
       _lock.obj                  36     0         8      
       args_main.obj              32     0         0      
       copy_decompress_none.obj   20     0         0      
       pre_init.obj               8      0         0      
       mpu_init.obj               4      0         0      
       startup.obj                4      0         0      
       stkdepth_vars.obj          0      0         4      
    +--+--------------------------+------+---------+---------+
       Total:                     1164   0         24     
                                                          
       Stack:                     0      0         2048   
       Linker Generated:          0      35        0      
    +--+--------------------------+------+---------+---------+
       Grand Total:               1440   35        2072   


LINKER GENERATED COPY TABLES

__TI_cinit_table @ 40200dd4 records: 1, size/record: 8, table size: 8
	.data: load addr=40200db8, load size=00000013 bytes, run addr=40200da0, run size=00000018 bytes, compression=lzss


LINKER GENERATED HANDLER TABLE

__TI_handler_table @ 40200dcc records: 2, size/record: 4, table size: 8
	index: 0, handler: __TI_decompress_lzss
	index: 1, handler: __TI_decompress_none


GLOBAL SYMBOLS: SORTED ALPHABETICALLY BY Name 

address   name                           
-------   ----                           
40200bcc  C$$EXIT                        
UNDEFED   SHT$$INIT_ARRAY$$Base          
UNDEFED   SHT$$INIT_ARRAY$$Limit         
40200800  __STACK_END                    
00000800  __STACK_SIZE                   
40200dd4  __TI_CINIT_Base                
40200ddc  __TI_CINIT_Limit               
40200dcc  __TI_Handler_Table_Base        
40200dd4  __TI_Handler_Table_Limit       
40200a94  __TI_auto_init                 
40200da0  __TI_cleanup_ptr               
40200b3c  __TI_decompress_lzss           
40200d7c  __TI_decompress_none           
40200da4  __TI_dtors_ptr                 
40200da8  __TI_enable_exit_profile_output
ffffffff  __TI_pprof_out_hndl            
ffffffff  __TI_prof_data_size            
ffffffff  __TI_prof_data_start           
40200db8  __TI_static_base__             
40200800  __aeabi_memcpy                 
40200800  __aeabi_memcpy4                
40200800  __aeabi_memcpy8                
ffffffff  __binit__                      
ffffffff  __c_args__                     
40200d98  __mpu_init                     
40200000  __stack                        
40200d5c  _args_main                     
40200ce0  _c_int00                       
40200dac  _lock                          
40200d50  _nop                           
40200d44  _register_lock                 
40200d38  _register_unlock               
40200d9c  _system_post_cinit             
40200d90  _system_pre_init               
40200db0  _unlock                        
40200bd4  abort                          
ffffffff  binit                          
40200c5c  copy_in                        
40200be0  exit                           
40200980  main                           
40200db4  main_func_sp                   
40200800  memcpy                         


GLOBAL SYMBOLS: SORTED BY Symbol Address 

address   name                           
-------   ----                           
00000800  __STACK_SIZE                   
40200000  __stack                        
40200800  __STACK_END                    
40200800  __aeabi_memcpy                 
40200800  __aeabi_memcpy4                
40200800  __aeabi_memcpy8                
40200800  memcpy                         
40200980  main                           
40200a94  __TI_auto_init                 
40200b3c  __TI_decompress_lzss           
40200bcc  C$$EXIT                        
40200bd4  abort                          
40200be0  exit                           
40200c5c  copy_in                        
40200ce0  _c_int00                       
40200d38  _register_unlock               
40200d44  _register_lock                 
40200d50  _nop                           
40200d5c  _args_main                     
40200d7c  __TI_decompress_none           
40200d90  _system_pre_init               
40200d98  __mpu_init                     
40200d9c  _system_post_cinit             
40200da0  __TI_cleanup_ptr               
40200da4  __TI_dtors_ptr                 
40200da8  __TI_enable_exit_profile_output
40200dac  _lock                          
40200db0  _unlock                        
40200db4  main_func_sp                   
40200db8  __TI_static_base__             
40200dcc  __TI_Handler_Table_Base        
40200dd4  __TI_CINIT_Base                
40200dd4  __TI_Handler_Table_Limit       
40200ddc  __TI_CINIT_Limit               
ffffffff  __TI_pprof_out_hndl            
ffffffff  __TI_prof_data_size            
ffffffff  __TI_prof_data_start           
ffffffff  __binit__                      
ffffffff  __c_args__                     
ffffffff  binit                          
UNDEFED   SHT$$INIT_ARRAY$$Base          
UNDEFED   SHT$$INIT_ARRAY$$Limit         

[42 symbols]
